node_modules/expo/tsconfig.base.json(10,15): error TS6046: Argument for '--module' option must be: 'none', 'commonjs', 'amd', 'system', 'umd', 'es6', 'es2015', 'es2020', 'es2022', 'esnext', 'node16', 'nodenext'.
app.config.ts(118,7): error TS2322: Type '(string | { url: string; project: string; organization: string; })[]' is not assignable to type 'string | [] | [string] | [string, any]'.
plugins/withTabletRestriction.ts(8,12): error TS7053: Element implicitly has an 'any' type because expression of type '"supports-screens"' can't be used to index type '{ $: { [key: string]: string | undefined; 'xmlns:android': string; 'xmlns:tools'?: string | undefined; package?: string | undefined; }; permission?: ManifestPermission[] | undefined; ... 4 more ...; application?: ManifestApplication[] | undefined; }'.
plugins/withTabletRestriction.ts(10,5): error TS7053: Element implicitly has an 'any' type because expression of type '"supports-screens"' can't be used to index type '{ $: { [key: string]: string | undefined; 'xmlns:android': string; 'xmlns:tools'?: string | undefined; package?: string | undefined; }; permission?: ManifestPermission[] | undefined; ... 4 more ...; application?: ManifestApplication[] | undefined; }'.
src/api/admin-excel.ts(30,3): error TS2305: Module '"./generated.schemas"' has no exported member 'UploadExcelBody'.
src/api/admin-inquiry.ts(24,3): error TS2724: '"./generated.schemas"' has no exported member named 'CommonResponsePageResponseInquiryResponse'. Did you mean 'CommonResponsePageResponseAdminUserResponse'?
src/api/admin-inquiry.ts(25,3): error TS2724: '"./generated.schemas"' has no exported member named 'GetAllInquiriesParams'. Did you mean 'GetAllUsersParams'?
src/api/admin.ts(29,3): error TS2724: '"./generated.schemas"' has no exported member named 'CommonResponsePageResponseUserResponse'. Did you mean 'CommonResponsePageResponseAdminUserResponse'?
src/api/customer-support.ts(28,3): error TS2724: '"./generated.schemas"' has no exported member named 'CommonResponseInquiryResponse'. Did you mean 'CommonResponseLoginResponse'?
src/api/customer-support.ts(30,3): error TS2724: '"./generated.schemas"' has no exported member named 'CommonResponsePageInquiryResponse'. Did you mean 'CommonResponseLoginResponse'?
src/api/customer-support.ts(31,3): error TS2305: Module '"./generated.schemas"' has no exported member 'CreateInquiryRequest'.
src/api/customer-support.ts(32,3): error TS2305: Module '"./generated.schemas"' has no exported member 'GetInquiriesParams'.
src/api/inquiry.ts(9,37): error TS7006: Parameter 'data' implicitly has an 'any' type.
src/app/(shopowner)/auth/pending-approval.tsx(1,21): error TS2305: Module '"@/src/api/auth"' has no exported member 'withdraw'.
src/app/(shopowner)/auth/pending-approval.tsx(2,10): error TS2724: '"@/src/api/store-claim"' has no exported member named 'getGetMyStoreClaimsQueryKey'. Did you mean 'getGetMyStoreClaims1QueryKey'?
src/app/(student)/(tabs)/benefits.tsx(5,10): error TS2724: '"@/src/api/coupon"' has no exported member named 'getGetMyCouponsQueryKey'. Did you mean 'getGetMyCoupons1QueryKey'?
src/app/(student)/(tabs)/benefits.tsx(5,35): error TS2724: '"@/src/api/coupon"' has no exported member named 'useActivateCoupon'. Did you mean 'useActivateCoupon1'?
src/app/(student)/(tabs)/benefits.tsx(5,54): error TS2724: '"@/src/api/coupon"' has no exported member named 'useGetMyCoupons'. Did you mean 'useGetMyCoupons1'?
src/app/(student)/(tabs)/benefits.tsx(237,21): error TS7006: Parameter 'res' implicitly has an 'any' type.
src/app/(student)/(tabs)/index.tsx(1,10): error TS2724: '"@/src/api/coupon"' has no exported member named 'useGetMyCoupons'. Did you mean 'useGetMyCoupons1'?
src/app/(student)/(tabs)/index.tsx(1,27): error TS2724: '"@/src/api/coupon"' has no exported member named 'useGetTodayCoupons'. Did you mean 'useGetTodayCoupons1'?
src/app/(student)/(tabs)/index.tsx(2,10): error TS2724: '"@/src/api/my-page"' has no exported member named 'useGetStudentInfo'. Did you mean 'useGetStudentInfo1'?
src/app/(student)/(tabs)/index.tsx(3,10): error TS2724: '"@/src/api/store"' has no exported member named 'useGetHotStores'. Did you mean 'useGetHotStores1'?
src/app/(student)/(tabs)/map.tsx(3,3): error TS2724: '"@/src/api/favorite"' has no exported member named 'useAddFavorite'. Did you mean 'useAddFavorite1'?
src/app/(student)/(tabs)/map.tsx(4,3): error TS2724: '"@/src/api/favorite"' has no exported member named 'useGetMyFavorites'. Did you mean 'useGetMyFavorites1'?
src/app/(student)/(tabs)/map.tsx(5,3): error TS2724: '"@/src/api/favorite"' has no exported member named 'useRemoveFavorite'. Did you mean 'useRemoveFavorite1'?
src/app/(student)/(tabs)/map.tsx(7,10): error TS2724: '"@/src/api/store"' has no exported member named 'useGetHotStores'. Did you mean 'useGetHotStores1'?
src/app/(student)/(tabs)/mypage.tsx(1,10): error TS2724: '"@/src/api/coupon"' has no exported member named 'getGetMyCouponsQueryKey'. Did you mean 'getGetMyCoupons1QueryKey'?
src/app/(student)/(tabs)/mypage.tsx(1,35): error TS2724: '"@/src/api/coupon"' has no exported member named 'useGetMyCoupons'. Did you mean 'useGetMyCoupons1'?
src/app/(student)/(tabs)/mypage.tsx(2,10): error TS2724: '"@/src/api/favorite"' has no exported member named 'useGetMyFavorites'. Did you mean 'useGetMyFavorites1'?
src/app/(student)/(tabs)/mypage.tsx(3,10): error TS2724: '"@/src/api/my-page"' has no exported member named 'useGetStudentInfo'. Did you mean 'useGetStudentInfo1'?
src/app/(student)/(tabs)/mypage.tsx(4,10): error TS2724: '"@/src/api/review"' has no exported member named 'useGetMyReviews'. Did you mean 'useGetMyReviews1'?
src/app/(student)/auth/sign-up-owner.tsx(12,10): error TS2724: '"@/src/api/store-claim"' has no exported member named 'useVerifyBizRegNo'. Did you mean 'useVerifyBizRegNo1'?
src/app/(student)/auth/sign-up-owner.tsx(197,11): error TS2353: Object literal may only specify known properties, and 'params' does not exist in type '{ data: CompleteSocialSignupRequest; }'.
src/app/(student)/auth/sign-up-owner.tsx(252,13): error TS2353: Object literal may only specify known properties, and 'userId' does not exist in type 'StoreClaimRequest'.
src/app/(student)/auth/sign-up-owner.tsx(335,11): error TS2353: Object literal may only specify known properties, and 'userId' does not exist in type 'StoreClaimRequest'.
src/app/(student)/auth/sign-up-social.tsx(220,9): error TS2353: Object literal may only specify known properties, and 'params' does not exist in type '{ data: CompleteSocialSignupRequest; }'.
src/app/(student)/auth/sign-up-verify.tsx(210,48): error TS2448: Block-scoped variable 'showSendCodeMessage' used before its declaration.
src/app/(student)/auth/sign-up-verify.tsx(210,48): error TS2454: Variable 'showSendCodeMessage' is used before being assigned.
src/app/(student)/auth/sign-up-verify.tsx(363,11): error TS2353: Object literal may only specify known properties, and 'params' does not exist in type '{ data: CompleteSocialSignupRequest; }'.
src/app/(student)/components/home/ad-banner-section.tsx(167,21): error TS7006: Parameter '_' implicitly has an 'any' type.
src/app/(student)/components/home/ad-banner-section.tsx(167,24): error TS7006: Parameter 'idx' implicitly has an 'any' type.
src/app/(student)/components/home/home-popup.tsx(150,27): error TS7006: Parameter '_' implicitly has an 'any' type.
src/app/(student)/components/home/home-popup.tsx(150,30): error TS7006: Parameter 'idx' implicitly has an 'any' type.
src/app/(student)/components/store/header.tsx(1,15): error TS2724: '"@/src/api/generated.schemas"' has no exported member named 'StorePartnershipResponse'. Did you mean 'StudentPartnershipResponse'?
src/app/(student)/components/store/header.tsx(97,5): error TS2322: Type 'number' is not assignable to type 'Timeout'.
src/app/(student)/components/store/header.tsx(505,11): error TS2322: Type '{ name: string; rating: number; category: string; reviewCount: number; address: string; latitude: number | undefined; longitude: number | undefined; openHours: string; closedDays: string; onReviewPress: (() => void) | undefined; onAddressPress: () => void; }' is not assignable to type 'IntrinsicAttributes & { name: string; rating: number; category: string; reviewCount: number; address: string; openHours: string; closedDays: string; onReviewPress?: (() => void) | undefined; onAddressPress?: (() => void) | undefined; }'.
src/app/(student)/mypage/change-university.tsx(2,10): error TS2724: '"@/src/api/my-page"' has no exported member named 'getGetStudentInfoQueryKey'. Did you mean 'getGetStudentInfo1QueryKey'?
src/app/(student)/mypage/change-university.tsx(2,37): error TS2724: '"@/src/api/my-page"' has no exported member named 'useUpdateUniversity'. Did you mean 'useUpdateUniversity1'?
src/app/(student)/mypage/change-university.tsx(3,10): error TS2724: '"@/src/api/store"' has no exported member named 'getGetHotStoresQueryKey'. Did you mean 'getGetHotStores1QueryKey'?
src/app/(student)/mypage/change-university.tsx(3,35): error TS2724: '"@/src/api/store"' has no exported member named 'getGetStoreMapQueryKey'. Did you mean 'getGetStoreMap1QueryKey'?
src/app/(student)/mypage/change-university.tsx(211,19): error TS7006: Parameter 'error' implicitly has an 'any' type.
src/app/(student)/mypage/edit-review.tsx(1,10): error TS2724: '"@/src/api/review"' has no exported member named 'useUpdateReview'. Did you mean 'useUpdateReview1'?
src/app/(student)/mypage/favorite.tsx(1,10): error TS2724: '"@/src/api/favorite"' has no exported member named 'useGetMyFavorites'. Did you mean 'useGetMyFavorites1'?
src/app/(student)/mypage/favorite.tsx(1,29): error TS2724: '"@/src/api/favorite"' has no exported member named 'useRemoveFavorite'. Did you mean 'useRemoveFavorite1'?
src/app/(student)/mypage/favorite.tsx(3,3): error TS2724: '"@/src/api/generated.schemas"' has no exported member named 'FavoriteStoreResponse'. Did you mean 'HotStoreResponse'?
src/app/(student)/mypage/favorite.tsx(4,3): error TS2724: '"@/src/api/generated.schemas"' has no exported member named 'PageResponseFavoriteStoreResponse'. Did you mean 'PageResponseStudentFavoriteStoreResponse'?
src/app/(student)/mypage/favorite.tsx(120,24): error TS7006: Parameter 'store' implicitly has an 'any' type.
src/app/(student)/mypage/my-review.tsx(1,15): error TS2724: '"@/src/api/generated.schemas"' has no exported member named 'PageResponseReviewResponse'. Did you mean 'PageResponseOwnerReviewResponse'?
src/app/(student)/mypage/my-review.tsx(2,10): error TS2724: '"@/src/api/my-page"' has no exported member named 'useGetStudentInfo'. Did you mean 'useGetStudentInfo1'?
src/app/(student)/mypage/my-review.tsx(3,10): error TS2724: '"@/src/api/review"' has no exported member named 'useDeleteReview'. Did you mean 'useDeleteReview1'?
src/app/(student)/mypage/my-review.tsx(3,27): error TS2724: '"@/src/api/review"' has no exported member named 'useGetMyReviews'. Did you mean 'useGetMyReviews1'?
src/app/(student)/mypage/my-review.tsx(43,29): error TS7006: Parameter 'r' implicitly has an 'any' type.
src/app/(student)/mypage/my-review.tsx(44,29): error TS7006: Parameter 'r' implicitly has an 'any' type.
src/app/(student)/mypage/my-review.tsx(70,34): error TS7006: Parameter 'r' implicitly has an 'any' type.
src/app/(student)/mypage/my-review.tsx(151,23): error TS7006: Parameter 'review' implicitly has an 'any' type.
src/app/(student)/mypage/my-review.tsx(164,42): error TS7006: Parameter 'r' implicitly has an 'any' type.
src/app/(student)/mypage/my-review.tsx(258,42): error TS7006: Parameter 'url' implicitly has an 'any' type.
src/app/(student)/mypage/my-review.tsx(258,47): error TS7006: Parameter 'idx' implicitly has an 'any' type.
src/app/(student)/mypage/profile-edit.tsx(2,10): error TS2724: '"@/src/api/my-page"' has no exported member named 'getGetStudentInfoQueryKey'. Did you mean 'getGetStudentInfo1QueryKey'?
src/app/(student)/mypage/profile-edit.tsx(2,37): error TS2724: '"@/src/api/my-page"' has no exported member named 'useGetStudentInfo'. Did you mean 'useGetStudentInfo1'?
src/app/(student)/mypage/profile-edit.tsx(2,56): error TS2724: '"@/src/api/my-page"' has no exported member named 'useUpdateStudentProfile'. Did you mean 'useUpdateStudentProfile1'?
src/app/(student)/mypage/profile-edit.tsx(3,10): error TS2724: '"@/src/api/store"' has no exported member named 'getGetStoreMapQueryKey'. Did you mean 'getGetStoreMap1QueryKey'?
src/app/(student)/mypage/profile-edit.tsx(227,19): error TS7006: Parameter 'error' implicitly has an 'any' type.
src/app/(student)/mypage/withdraw.tsx(1,10): error TS2305: Module '"@/src/api/auth"' has no exported member 'withdraw'.
src/app/(student)/store/[id]/feedback.tsx(2,10): error TS2724: '"@/src/api/store"' has no exported member named 'useReportStore'. Did you mean 'useReportStore1'?
src/app/(student)/store/[id]/index.tsx(1,10): error TS2724: '"@/src/api/coupon"' has no exported member named 'useDownloadCoupon'. Did you mean 'useDownloadCoupon1'?
src/app/(student)/store/[id]/index.tsx(2,10): error TS2724: '"@/src/api/favorite"' has no exported member named 'useAddFavorite'. Did you mean 'useAddFavorite1'?
src/app/(student)/store/[id]/index.tsx(2,26): error TS2724: '"@/src/api/favorite"' has no exported member named 'useCountFavorites'. Did you mean 'useCountFavorites1'?
src/app/(student)/store/[id]/index.tsx(2,45): error TS2724: '"@/src/api/favorite"' has no exported member named 'useGetMyFavorites'. Did you mean 'useGetMyFavorites1'?
src/app/(student)/store/[id]/index.tsx(2,64): error TS2724: '"@/src/api/favorite"' has no exported member named 'useRemoveFavorite'. Did you mean 'useRemoveFavorite1'?
src/app/(student)/store/[id]/index.tsx(8,3): error TS2724: '"@/src/api/generated.schemas"' has no exported member named 'PageResponseReviewResponse'. Did you mean 'PageResponseOwnerReviewResponse'?
src/app/(student)/store/[id]/index.tsx(11,3): error TS2724: '"@/src/api/generated.schemas"' has no exported member named 'StorePartnershipResponse'. Did you mean 'StudentPartnershipResponse'?
src/app/(student)/store/[id]/index.tsx(15,10): error TS2724: '"@/src/api/my-page"' has no exported member named 'useGetStudentInfo'. Did you mean 'useGetStudentInfo1'?
src/app/(student)/store/[id]/index.tsx(16,10): error TS2724: '"@/src/api/partnership"' has no exported member named 'useGetStorePartnerships'. Did you mean 'useGetStorePartnerships1'?
src/app/(student)/store/[id]/index.tsx(17,10): error TS2724: '"@/src/api/review"' has no exported member named 'useAddLike'. Did you mean 'useAddLike1'?
src/app/(student)/store/[id]/index.tsx(17,22): error TS2724: '"@/src/api/review"' has no exported member named 'useDeleteReview'. Did you mean 'useDeleteReview1'?
src/app/(student)/store/[id]/index.tsx(17,39): error TS2724: '"@/src/api/review"' has no exported member named 'useGetReviews'. Did you mean 'useGetReviews1'?
src/app/(student)/store/[id]/index.tsx(17,54): error TS2724: '"@/src/api/review"' has no exported member named 'useGetReviewStats'. Did you mean 'useGetReviewStats1'?
src/app/(student)/store/[id]/index.tsx(17,73): error TS2724: '"@/src/api/review"' has no exported member named 'useRemoveLike'. Did you mean 'useRemoveLike1'?
src/app/(student)/store/[id]/news/[newsId].tsx(8,5): error TS2724: '"@/src/api/store-news"' has no exported member named 'useGetComments'. Did you mean 'useGetComments1'?
src/app/(student)/store/[id]/news/[newsId].tsx(9,5): error TS2724: '"@/src/api/store-news"' has no exported member named 'useCreateComment'. Did you mean 'useCreateComment1'?
src/app/(student)/store/[id]/news/[newsId].tsx(10,5): error TS2724: '"@/src/api/store-news"' has no exported member named 'useDeleteComment'. Did you mean 'useDeleteComment1'?
src/app/(student)/store/[id]/news/[newsId].tsx(11,5): error TS2724: '"@/src/api/store-news"' has no exported member named 'useToggleLike'. Did you mean 'useToggleLike1'?
src/app/(student)/store/[id]/news/[newsId].tsx(13,5): error TS2724: '"@/src/api/store-news"' has no exported member named 'getGetCommentsQueryKey'. Did you mean 'getGetComments1QueryKey'?
src/app/(student)/store/[id]/review/write.tsx(1,10): error TS2724: '"@/src/api/review"' has no exported member named 'useCreateReview'. Did you mean 'useCreateReview1'?
src/app/(student)/today-coupons.tsx(4,10): error TS2724: '"@/src/api/coupon"' has no exported member named 'useGetTodayCoupons'. Did you mean 'useGetTodayCoupons1'?
src/app/(student)/today-coupons.tsx(5,10): error TS2724: '"@/src/api/my-page"' has no exported member named 'useGetStudentInfo'. Did you mean 'useGetStudentInfo1'?
src/app/_layout.tsx(14,10): error TS2724: '"@/src/api/store-claim"' has no exported member named 'useGetMyStoreClaims'. Did you mean 'useGetMyStoreClaims1'?
src/shared/hooks/use-force-update.ts(3,26): error TS7016: Could not find a declaration file for module 'react-native-version-check'. 'C:/Users/성미향/Desktop/looky-frontend/node_modules/react-native-version-check/index.js' implicitly has an 'any' type.
src/shared/hooks/use-map-search.ts(1,10): error TS2724: '"@/src/api/store"' has no exported member named 'useGetStoreMap'. Did you mean 'useGetStoreMap1'?
src/shared/hooks/use-map-search.ts(105,34): error TS7006: Parameter 's' implicitly has an 'any' type.
src/shared/hooks/use-map-search.ts(107,64): error TS7006: Parameter 's' implicitly has an 'any' type.
src/shared/lib/auth/auth-context.tsx(16,10): error TS2724: '"@/src/api/my-page"' has no exported member named 'getStudentInfo'. Did you mean 'getStudentInfo1'?
src/shared/utils/store-transform.ts(3,3): error TS2724: '"@/src/api/generated.schemas"' has no exported member named 'StoreMapResponse'. Did you mean 'StoreResponse'?
src/shared/utils/store-transform.ts(4,3): error TS2724: '"@/src/api/generated.schemas"' has no exported member named 'StoreMapResponseStoreCategoriesItem'. Did you mean 'StoreResponseStoreCategoriesItem'?
src/shared/utils/store-transform.ts(194,25): error TS2339: Property 'hasCoupon' does not exist on type 'StoreResponse'.
